2025-09-17 22:57:39,007 [ 1] INFO  Unity: DataManager > DataManager()
2025-09-17 22:57:41,124 [ 1] INFO  Unity: 用户名 :123 密码:123
2025-09-17 22:57:41,126 [ 1] INFO  Unity: 连接成功
2025-09-17 22:57:41,128 [ 1] INFO  Unity: 连接的IP地址为: 127.0.0.1:8000
2025-09-17 22:57:41,131 [ 1] INFO  UserService: LoadingMesager::OnGameServerConnect :0 reason:Success
2025-09-17 22:57:41,227 [ 1] INFO  Unity: 收到登录响应
2025-09-17 22:57:41,228 [ 1] INFO  Unity: 登录成功
2025-09-17 22:57:41,650 [ 1] INFO  Unity: 当前角色数量为3
2025-09-17 22:57:42,709 [ 1] INFO  Unity: 发出进入游戏的响应
2025-09-17 22:57:42,736 [ 1] INFO  Unity: 角色进入游戏:Success
2025-09-17 22:57:42,738 [ 1] INFO  Unity: ItemManager初始化道具:[ID:1,Count:20]
2025-09-17 22:57:42,739 [ 1] INFO  Unity: ItemManager初始化道具:[ID:2,Count:20]
2025-09-17 22:57:42,739 [ 1] INFO  Unity: ItemManager初始化道具:[ID:3,Count:5]
2025-09-17 22:57:42,740 [ 1] INFO  Unity: ItemManager初始化道具:[ID:8001,Count:2]
2025-09-17 22:57:42,741 [ 1] INFO  Unity: ItemManager初始化道具:[ID:8002,Count:1]
2025-09-17 22:57:42,741 [ 1] INFO  Unity: ItemManager初始化道具:[ID:4,Count:20]
2025-09-17 22:57:42,742 [ 1] INFO  Unity: ItemManager初始化道具:[ID:11,Count:1]
2025-09-17 22:57:42,743 [ 1] INFO  Unity: ItemManager初始化道具:[ID:1001,Count:1]
2025-09-17 22:57:42,743 [ 1] INFO  Unity: ItemManager初始化道具:[ID:1002,Count:1]
2025-09-17 22:57:42,744 [ 1] INFO  Unity: ItemManager初始化道具:[ID:1007,Count:1]
2025-09-17 22:57:42,752 [ 1] INFO  Unity: OnGuild,[Success][1][Alice]
2025-09-17 22:57:42,753 [ 1] INFO  Unity: 收到聊天响应,Success
2025-09-17 22:57:42,754 [ 1] INFO  Unity: 进入了地图:1,当前角色数量:1
2025-09-17 22:57:42,755 [ 1] INFO  Unity: 加入角色姓名:Alice,地图:1
2025-09-17 22:57:42,757 [ 1] INFO  Unity: 场景不匹配：当前场景0, 目标场景1, 开始切换
2025-09-17 22:57:42,758 [ 1] INFO  Unity: 进入的地图是: MainCity
2025-09-17 22:57:43,111 [ 1] INFO  Unity: 收到聊天响应,Success
2025-09-17 22:57:44,052 [ 1] INFO  Unity: Set Channel:Local
2025-09-17 22:58:01,857 [ 1] INFO  Unity: 网络断开
2025-09-17 22:58:01,858 [ 1] WARN  Unity: CloseConnection(), errorCode: 1007
UnityEngine.Debug:LogWarning(Object)
Network.NetClient:CloseConnection(Int32) (at Assets/Scripts/Network/NetClient.cs:178)
Network.NetClient:OnDestroy() (at Assets/Scripts/Network/NetClient.cs:173)

2025-09-17 22:58:01,860 [ 1] INFO  Unity: 消失的玩家：13,位置(4591, 2876, 802)
